// Jest Snapshot v1, https://goo.gl/fbAQLP

exports[`renders correctly 1`] = `
<View
  style={
    Array [
      Object {
        "flexDirection": "column",
      },
      false,
      Object {
        "flex": 1,
      },
      false,
      false,
      false,
      false,
      false,
      false,
      null,
      false,
      false,
      false,
      null,
      null,
      null,
      Object {
        "marginBottom": -196,
        "marginTop": 0,
      },
    ]
  }
  theme={
    Object {
      "COLORS": Object {
        "BLACK": "#000000",
        "BLOCK": "#808080",
        "DRIBBBLE": "#EA4C89",
        "ERROR": "#FE2472",
        "FACEBOOK": "#3B5998",
        "GREY": "#898989",
        "ICON": "#000000",
        "INFO": "#1232FF",
        "INPUT": "#808080",
        "MUTED": "#9FA5AA",
        "NAVBAR": "#F9F9F9",
        "NEUTRAL": "rgba(255,255,255, 0.65)",
        "PLACEHOLDER": "#9FA5AA",
        "PRIMARY": "#B23AFC",
        "SUCCESS": "#45DF31",
        "THEME": "#B23AFC",
        "TRANSPARENT": "transparent",
        "TWITTER": "#5BC0DE",
        "WARNING": "#FF9C09",
        "WHITE": "#FFFFFF",
      },
      "SIZES": Object {
        "ANDROID_ELEVATION": 1,
        "BASE": 16,
        "BLOCK_SHADOW_OPACITY": 0.15,
        "BLOCK_SHADOW_RADIUS": 8,
        "BORDER_RADIUS": 6,
        "BORDER_WIDTH": 0.8,
        "BUTTON_HEIGHT": 44,
        "BUTTON_SHADOW_RADIUS": 10,
        "BUTTON_WIDTH": 144,
        "CARD_AVATAR_HEIGHT": 40,
        "CARD_AVATAR_RADIUS": 20,
        "CARD_AVATAR_WIDTH": 40,
        "CARD_BORDER_RADIUS": 6.4,
        "CARD_BORDER_WIDTH": 0.8,
        "CARD_FOOTER_HORIZONTAL": 12,
        "CARD_FOOTER_VERTICAL": 12,
        "CARD_IMAGE_HEIGHT": 200,
        "CARD_MARGIN_VERTICAL": 14,
        "CARD_ROUND": 3,
        "CARD_ROUNDED": 8,
        "CARD_WIDTH": 718,
        "FONT": 16,
        "ICON": 16,
        "INPUT_BORDER_RADIUS": 8,
        "INPUT_BORDER_WIDTH": 0.8,
        "INPUT_HEIGHT": 44,
        "INPUT_HELP_TEXT": 12.8,
        "INPUT_HORIZONTAL": 16,
        "INPUT_LABEL_BOTTOM": 4,
        "INPUT_LABEL_TEXT": 14.4,
        "INPUT_ROUNDED": 27.2,
        "INPUT_TEXT": 14,
        "NAVBAR_HEIGHT": 66,
        "NAVBAR_LEFT_FLEX": 0.5,
        "NAVBAR_LEFT_HEIGHT": 93.38000000000001,
        "NAVBAR_LEFT_MARGIN": 16,
        "NAVBAR_RIGHT_FLEX": 0.5,
        "NAVBAR_RIGHT_HEIGHT": 93.38000000000001,
        "NAVBAR_RIGHT_MARGIN": 16,
        "NAVBAR_TITLE_FLEX": 2,
        "NAVBAR_TITLE_HEIGHT": 93.38000000000001,
        "NAVBAR_TITLE_TEXT": 14,
        "NAVBAR_VERTICAL": 16,
        "OPACITY": 0.8,
      },
    }
  }
>
  <View
    style={
      Array [
        Object {
          "flexDirection": "column",
        },
        false,
        Object {
          "flex": 1,
        },
        false,
        false,
        false,
        false,
        false,
        false,
        null,
        false,
        false,
        false,
        null,
        null,
        null,
        undefined,
      ]
    }
    theme={
      Object {
        "COLORS": Object {
          "BLACK": "#000000",
          "BLOCK": "#808080",
          "DRIBBBLE": "#EA4C89",
          "ERROR": "#FE2472",
          "FACEBOOK": "#3B5998",
          "GREY": "#898989",
          "ICON": "#000000",
          "INFO": "#1232FF",
          "INPUT": "#808080",
          "MUTED": "#9FA5AA",
          "NAVBAR": "#F9F9F9",
          "NEUTRAL": "rgba(255,255,255, 0.65)",
          "PLACEHOLDER": "#9FA5AA",
          "PRIMARY": "#B23AFC",
          "SUCCESS": "#45DF31",
          "THEME": "#B23AFC",
          "TRANSPARENT": "transparent",
          "TWITTER": "#5BC0DE",
          "WARNING": "#FF9C09",
          "WHITE": "#FFFFFF",
        },
        "SIZES": Object {
          "ANDROID_ELEVATION": 1,
          "BASE": 16,
          "BLOCK_SHADOW_OPACITY": 0.15,
          "BLOCK_SHADOW_RADIUS": 8,
          "BORDER_RADIUS": 6,
          "BORDER_WIDTH": 0.8,
          "BUTTON_HEIGHT": 44,
          "BUTTON_SHADOW_RADIUS": 10,
          "BUTTON_WIDTH": 144,
          "CARD_AVATAR_HEIGHT": 40,
          "CARD_AVATAR_RADIUS": 20,
          "CARD_AVATAR_WIDTH": 40,
          "CARD_BORDER_RADIUS": 6.4,
          "CARD_BORDER_WIDTH": 0.8,
          "CARD_FOOTER_HORIZONTAL": 12,
          "CARD_FOOTER_VERTICAL": 12,
          "CARD_IMAGE_HEIGHT": 200,
          "CARD_MARGIN_VERTICAL": 14,
          "CARD_ROUND": 3,
          "CARD_ROUNDED": 8,
          "CARD_WIDTH": 718,
          "FONT": 16,
          "ICON": 16,
          "INPUT_BORDER_RADIUS": 8,
          "INPUT_BORDER_WIDTH": 0.8,
          "INPUT_HEIGHT": 44,
          "INPUT_HELP_TEXT": 12.8,
          "INPUT_HORIZONTAL": 16,
          "INPUT_LABEL_BOTTOM": 4,
          "INPUT_LABEL_TEXT": 14.4,
          "INPUT_ROUNDED": 27.2,
          "INPUT_TEXT": 14,
          "NAVBAR_HEIGHT": 66,
          "NAVBAR_LEFT_FLEX": 0.5,
          "NAVBAR_LEFT_HEIGHT": 93.38000000000001,
          "NAVBAR_LEFT_MARGIN": 16,
          "NAVBAR_RIGHT_FLEX": 0.5,
          "NAVBAR_RIGHT_HEIGHT": 93.38000000000001,
          "NAVBAR_RIGHT_MARGIN": 16,
          "NAVBAR_TITLE_FLEX": 2,
          "NAVBAR_TITLE_HEIGHT": 93.38000000000001,
          "NAVBAR_TITLE_TEXT": 14,
          "NAVBAR_VERTICAL": 16,
          "OPACITY": 0.8,
        },
      }
    }
  >
    <View
      accessibilityIgnoresInvertColors={true}
      style={
        Object {
          "height": 667,
          "width": 750,
        }
      }
    >
      <Image
        source={
          Object {
            "uri": "https://images.unsplash.com/photo-1512529920731-e8abaea917a5?fit=crop&w=840&q=80",
          }
        }
        style={
          Array [
            Object {
              "bottom": 0,
              "left": 0,
              "position": "absolute",
              "right": 0,
              "top": 0,
            },
            Object {
              "height": 667,
              "width": 750,
            },
            Object {
              "height": "auto",
              "width": 825.0000000000001,
            },
          ]
        }
      />
      <View
        style={
          Array [
            Object {
              "flexDirection": "column",
            },
            false,
            Object {
              "flex": 1,
            },
            false,
            false,
            false,
            false,
            false,
            false,
            null,
            false,
            false,
            false,
            null,
            null,
            null,
            Object {
              "justifyContent": "flex-end",
              "paddingTop": 64,
              "position": "relative",
            },
          ]
        }
        theme={
          Object {
            "COLORS": Object {
              "BLACK": "#000000",
              "BLOCK": "#808080",
              "DRIBBBLE": "#EA4C89",
              "ERROR": "#FE2472",
              "FACEBOOK": "#3B5998",
              "GREY": "#898989",
              "ICON": "#000000",
              "INFO": "#1232FF",
              "INPUT": "#808080",
              "MUTED": "#9FA5AA",
              "NAVBAR": "#F9F9F9",
              "NEUTRAL": "rgba(255,255,255, 0.65)",
              "PLACEHOLDER": "#9FA5AA",
              "PRIMARY": "#B23AFC",
              "SUCCESS": "#45DF31",
              "THEME": "#B23AFC",
              "TRANSPARENT": "transparent",
              "TWITTER": "#5BC0DE",
              "WARNING": "#FF9C09",
              "WHITE": "#FFFFFF",
            },
            "SIZES": Object {
              "ANDROID_ELEVATION": 1,
              "BASE": 16,
              "BLOCK_SHADOW_OPACITY": 0.15,
              "BLOCK_SHADOW_RADIUS": 8,
              "BORDER_RADIUS": 6,
              "BORDER_WIDTH": 0.8,
              "BUTTON_HEIGHT": 44,
              "BUTTON_SHADOW_RADIUS": 10,
              "BUTTON_WIDTH": 144,
              "CARD_AVATAR_HEIGHT": 40,
              "CARD_AVATAR_RADIUS": 20,
              "CARD_AVATAR_WIDTH": 40,
              "CARD_BORDER_RADIUS": 6.4,
              "CARD_BORDER_WIDTH": 0.8,
              "CARD_FOOTER_HORIZONTAL": 12,
              "CARD_FOOTER_VERTICAL": 12,
              "CARD_IMAGE_HEIGHT": 200,
              "CARD_MARGIN_VERTICAL": 14,
              "CARD_ROUND": 3,
              "CARD_ROUNDED": 8,
              "CARD_WIDTH": 718,
              "FONT": 16,
              "ICON": 16,
              "INPUT_BORDER_RADIUS": 8,
              "INPUT_BORDER_WIDTH": 0.8,
              "INPUT_HEIGHT": 44,
              "INPUT_HELP_TEXT": 12.8,
              "INPUT_HORIZONTAL": 16,
              "INPUT_LABEL_BOTTOM": 4,
              "INPUT_LABEL_TEXT": 14.4,
              "INPUT_ROUNDED": 27.2,
              "INPUT_TEXT": 14,
              "NAVBAR_HEIGHT": 66,
              "NAVBAR_LEFT_FLEX": 0.5,
              "NAVBAR_LEFT_HEIGHT": 93.38000000000001,
              "NAVBAR_LEFT_MARGIN": 16,
              "NAVBAR_RIGHT_FLEX": 0.5,
              "NAVBAR_RIGHT_HEIGHT": 93.38000000000001,
              "NAVBAR_RIGHT_MARGIN": 16,
              "NAVBAR_TITLE_FLEX": 2,
              "NAVBAR_TITLE_HEIGHT": 93.38000000000001,
              "NAVBAR_TITLE_TEXT": 14,
              "NAVBAR_VERTICAL": 16,
              "OPACITY": 0.8,
            },
          }
        }
      >
        <View
          style={
            Array [
              Object {
                "flexDirection": "column",
              },
              false,
              false,
              false,
              false,
              false,
              false,
              false,
              false,
              null,
              false,
              false,
              false,
              null,
              null,
              null,
              Object {
                "paddingHorizontal": 32,
                "paddingVertical": 32,
                "zIndex": 2,
              },
            ]
          }
          theme={
            Object {
              "COLORS": Object {
                "BLACK": "#000000",
                "BLOCK": "#808080",
                "DRIBBBLE": "#EA4C89",
                "ERROR": "#FE2472",
                "FACEBOOK": "#3B5998",
                "GREY": "#898989",
                "ICON": "#000000",
                "INFO": "#1232FF",
                "INPUT": "#808080",
                "MUTED": "#9FA5AA",
                "NAVBAR": "#F9F9F9",
                "NEUTRAL": "rgba(255,255,255, 0.65)",
                "PLACEHOLDER": "#9FA5AA",
                "PRIMARY": "#B23AFC",
                "SUCCESS": "#45DF31",
                "THEME": "#B23AFC",
                "TRANSPARENT": "transparent",
                "TWITTER": "#5BC0DE",
                "WARNING": "#FF9C09",
                "WHITE": "#FFFFFF",
              },
              "SIZES": Object {
                "ANDROID_ELEVATION": 1,
                "BASE": 16,
                "BLOCK_SHADOW_OPACITY": 0.15,
                "BLOCK_SHADOW_RADIUS": 8,
                "BORDER_RADIUS": 6,
                "BORDER_WIDTH": 0.8,
                "BUTTON_HEIGHT": 44,
                "BUTTON_SHADOW_RADIUS": 10,
                "BUTTON_WIDTH": 144,
                "CARD_AVATAR_HEIGHT": 40,
                "CARD_AVATAR_RADIUS": 20,
                "CARD_AVATAR_WIDTH": 40,
                "CARD_BORDER_RADIUS": 6.4,
                "CARD_BORDER_WIDTH": 0.8,
                "CARD_FOOTER_HORIZONTAL": 12,
                "CARD_FOOTER_VERTICAL": 12,
                "CARD_IMAGE_HEIGHT": 200,
                "CARD_MARGIN_VERTICAL": 14,
                "CARD_ROUND": 3,
                "CARD_ROUNDED": 8,
                "CARD_WIDTH": 718,
                "FONT": 16,
                "ICON": 16,
                "INPUT_BORDER_RADIUS": 8,
                "INPUT_BORDER_WIDTH": 0.8,
                "INPUT_HEIGHT": 44,
                "INPUT_HELP_TEXT": 12.8,
                "INPUT_HORIZONTAL": 16,
                "INPUT_LABEL_BOTTOM": 4,
                "INPUT_LABEL_TEXT": 14.4,
                "INPUT_ROUNDED": 27.2,
                "INPUT_TEXT": 14,
                "NAVBAR_HEIGHT": 66,
                "NAVBAR_LEFT_FLEX": 0.5,
                "NAVBAR_LEFT_HEIGHT": 93.38000000000001,
                "NAVBAR_LEFT_MARGIN": 16,
                "NAVBAR_RIGHT_FLEX": 0.5,
                "NAVBAR_RIGHT_HEIGHT": 93.38000000000001,
                "NAVBAR_RIGHT_MARGIN": 16,
                "NAVBAR_TITLE_FLEX": 2,
                "NAVBAR_TITLE_HEIGHT": 93.38000000000001,
                "NAVBAR_TITLE_TEXT": 14,
                "NAVBAR_VERTICAL": 16,
                "OPACITY": 0.8,
              },
            }
          }
        >
          <Text
            style={
              Array [
                false,
                false,
                false,
                false,
                false,
                false,
                false,
                undefined,
                Object {
                  "fontSize": 28,
                },
                Object {
                  "color": "white",
                },
                false,
                false,
                undefined,
                Object {
                  "paddingBottom": 8,
                },
              ]
            }
          >
            Sara Connor
          </Text>
          <View
            style={
              Array [
                Object {
                  "flexDirection": "column",
                },
                Object {
                  "flexDirection": "row",
                },
                false,
                false,
                false,
                false,
                false,
                false,
                false,
                Object {
                  "justifyContent": "space-between",
                },
                false,
                false,
                false,
                null,
                null,
                null,
                undefined,
              ]
            }
            theme={
              Object {
                "COLORS": Object {
                  "BLACK": "#000000",
                  "BLOCK": "#808080",
                  "DRIBBBLE": "#EA4C89",
                  "ERROR": "#FE2472",
                  "FACEBOOK": "#3B5998",
                  "GREY": "#898989",
                  "ICON": "#000000",
                  "INFO": "#1232FF",
                  "INPUT": "#808080",
                  "MUTED": "#9FA5AA",
                  "NAVBAR": "#F9F9F9",
                  "NEUTRAL": "rgba(255,255,255, 0.65)",
                  "PLACEHOLDER": "#9FA5AA",
                  "PRIMARY": "#B23AFC",
                  "SUCCESS": "#45DF31",
                  "THEME": "#B23AFC",
                  "TRANSPARENT": "transparent",
                  "TWITTER": "#5BC0DE",
                  "WARNING": "#FF9C09",
                  "WHITE": "#FFFFFF",
                },
                "SIZES": Object {
                  "ANDROID_ELEVATION": 1,
                  "BASE": 16,
                  "BLOCK_SHADOW_OPACITY": 0.15,
                  "BLOCK_SHADOW_RADIUS": 8,
                  "BORDER_RADIUS": 6,
                  "BORDER_WIDTH": 0.8,
                  "BUTTON_HEIGHT": 44,
                  "BUTTON_SHADOW_RADIUS": 10,
                  "BUTTON_WIDTH": 144,
                  "CARD_AVATAR_HEIGHT": 40,
                  "CARD_AVATAR_RADIUS": 20,
                  "CARD_AVATAR_WIDTH": 40,
                  "CARD_BORDER_RADIUS": 6.4,
                  "CARD_BORDER_WIDTH": 0.8,
                  "CARD_FOOTER_HORIZONTAL": 12,
                  "CARD_FOOTER_VERTICAL": 12,
                  "CARD_IMAGE_HEIGHT": 200,
                  "CARD_MARGIN_VERTICAL": 14,
                  "CARD_ROUND": 3,
                  "CARD_ROUNDED": 8,
                  "CARD_WIDTH": 718,
                  "FONT": 16,
                  "ICON": 16,
                  "INPUT_BORDER_RADIUS": 8,
                  "INPUT_BORDER_WIDTH": 0.8,
                  "INPUT_HEIGHT": 44,
                  "INPUT_HELP_TEXT": 12.8,
                  "INPUT_HORIZONTAL": 16,
                  "INPUT_LABEL_BOTTOM": 4,
                  "INPUT_LABEL_TEXT": 14.4,
                  "INPUT_ROUNDED": 27.2,
                  "INPUT_TEXT": 14,
                  "NAVBAR_HEIGHT": 66,
                  "NAVBAR_LEFT_FLEX": 0.5,
                  "NAVBAR_LEFT_HEIGHT": 93.38000000000001,
                  "NAVBAR_LEFT_MARGIN": 16,
                  "NAVBAR_RIGHT_FLEX": 0.5,
                  "NAVBAR_RIGHT_HEIGHT": 93.38000000000001,
                  "NAVBAR_RIGHT_MARGIN": 16,
                  "NAVBAR_TITLE_FLEX": 2,
                  "NAVBAR_TITLE_HEIGHT": 93.38000000000001,
                  "NAVBAR_TITLE_TEXT": 14,
                  "NAVBAR_VERTICAL": 16,
                  "OPACITY": 0.8,
                },
              }
            }
          >
            <View
              style={
                Array [
                  Object {
                    "flexDirection": "column",
                  },
                  Object {
                    "flexDirection": "row",
                  },
                  false,
                  false,
                  false,
                  false,
                  false,
                  false,
                  false,
                  null,
                  false,
                  false,
                  false,
                  null,
                  null,
                  null,
                  undefined,
                ]
              }
              theme={
                Object {
                  "COLORS": Object {
                    "BLACK": "#000000",
                    "BLOCK": "#808080",
                    "DRIBBBLE": "#EA4C89",
                    "ERROR": "#FE2472",
                    "FACEBOOK": "#3B5998",
                    "GREY": "#898989",
                    "ICON": "#000000",
                    "INFO": "#1232FF",
                    "INPUT": "#808080",
                    "MUTED": "#9FA5AA",
                    "NAVBAR": "#F9F9F9",
                    "NEUTRAL": "rgba(255,255,255, 0.65)",
                    "PLACEHOLDER": "#9FA5AA",
                    "PRIMARY": "#B23AFC",
                    "SUCCESS": "#45DF31",
                    "THEME": "#B23AFC",
                    "TRANSPARENT": "transparent",
                    "TWITTER": "#5BC0DE",
                    "WARNING": "#FF9C09",
                    "WHITE": "#FFFFFF",
                  },
                  "SIZES": Object {
                    "ANDROID_ELEVATION": 1,
                    "BASE": 16,
                    "BLOCK_SHADOW_OPACITY": 0.15,
                    "BLOCK_SHADOW_RADIUS": 8,
                    "BORDER_RADIUS": 6,
                    "BORDER_WIDTH": 0.8,
                    "BUTTON_HEIGHT": 44,
                    "BUTTON_SHADOW_RADIUS": 10,
                    "BUTTON_WIDTH": 144,
                    "CARD_AVATAR_HEIGHT": 40,
                    "CARD_AVATAR_RADIUS": 20,
                    "CARD_AVATAR_WIDTH": 40,
                    "CARD_BORDER_RADIUS": 6.4,
                    "CARD_BORDER_WIDTH": 0.8,
                    "CARD_FOOTER_HORIZONTAL": 12,
                    "CARD_FOOTER_VERTICAL": 12,
                    "CARD_IMAGE_HEIGHT": 200,
                    "CARD_MARGIN_VERTICAL": 14,
                    "CARD_ROUND": 3,
                    "CARD_ROUNDED": 8,
                    "CARD_WIDTH": 718,
                    "FONT": 16,
                    "ICON": 16,
                    "INPUT_BORDER_RADIUS": 8,
                    "INPUT_BORDER_WIDTH": 0.8,
                    "INPUT_HEIGHT": 44,
                    "INPUT_HELP_TEXT": 12.8,
                    "INPUT_HORIZONTAL": 16,
                    "INPUT_LABEL_BOTTOM": 4,
                    "INPUT_LABEL_TEXT": 14.4,
                    "INPUT_ROUNDED": 27.2,
                    "INPUT_TEXT": 14,
                    "NAVBAR_HEIGHT": 66,
                    "NAVBAR_LEFT_FLEX": 0.5,
                    "NAVBAR_LEFT_HEIGHT": 93.38000000000001,
                    "NAVBAR_LEFT_MARGIN": 16,
                    "NAVBAR_RIGHT_FLEX": 0.5,
                    "NAVBAR_RIGHT_HEIGHT": 93.38000000000001,
                    "NAVBAR_RIGHT_MARGIN": 16,
                    "NAVBAR_TITLE_FLEX": 2,
                    "NAVBAR_TITLE_HEIGHT": 93.38000000000001,
                    "NAVBAR_TITLE_TEXT": 14,
                    "NAVBAR_VERTICAL": 16,
                    "OPACITY": 0.8,
                  },
                }
              }
            >
              <View
                style={
                  Array [
                    Object {
                      "flexDirection": "column",
                    },
                    false,
                    false,
                    false,
                    Object {
                      "alignItems": "center",
                      "justifyContent": "center",
                    },
                    false,
                    false,
                    false,
                    false,
                    null,
                    false,
                    false,
                    false,
                    null,
                    null,
                    null,
                    Object {
                      "backgroundColor": "#FE2472",
                      "borderRadius": 4,
                      "height": 19,
                      "marginRight": 8,
                      "paddingHorizontal": 6,
                      "width": 190,
                    },
                  ]
                }
                theme={
                  Object {
                    "COLORS": Object {
                      "BLACK": "#000000",
                      "BLOCK": "#808080",
                      "DRIBBBLE": "#EA4C89",
                      "ERROR": "#FE2472",
                      "FACEBOOK": "#3B5998",
                      "GREY": "#898989",
                      "ICON": "#000000",
                      "INFO": "#1232FF",
                      "INPUT": "#808080",
                      "MUTED": "#9FA5AA",
                      "NAVBAR": "#F9F9F9",
                      "NEUTRAL": "rgba(255,255,255, 0.65)",
                      "PLACEHOLDER": "#9FA5AA",
                      "PRIMARY": "#B23AFC",
                      "SUCCESS": "#45DF31",
                      "THEME": "#B23AFC",
                      "TRANSPARENT": "transparent",
                      "TWITTER": "#5BC0DE",
                      "WARNING": "#FF9C09",
                      "WHITE": "#FFFFFF",
                    },
                    "SIZES": Object {
                      "ANDROID_ELEVATION": 1,
                      "BASE": 16,
                      "BLOCK_SHADOW_OPACITY": 0.15,
                      "BLOCK_SHADOW_RADIUS": 8,
                      "BORDER_RADIUS": 6,
                      "BORDER_WIDTH": 0.8,
                      "BUTTON_HEIGHT": 44,
                      "BUTTON_SHADOW_RADIUS": 10,
                      "BUTTON_WIDTH": 144,
                      "CARD_AVATAR_HEIGHT": 40,
                      "CARD_AVATAR_RADIUS": 20,
                      "CARD_AVATAR_WIDTH": 40,
                      "CARD_BORDER_RADIUS": 6.4,
                      "CARD_BORDER_WIDTH": 0.8,
                      "CARD_FOOTER_HORIZONTAL": 12,
                      "CARD_FOOTER_VERTICAL": 12,
                      "CARD_IMAGE_HEIGHT": 200,
                      "CARD_MARGIN_VERTICAL": 14,
                      "CARD_ROUND": 3,
                      "CARD_ROUNDED": 8,
                      "CARD_WIDTH": 718,
                      "FONT": 16,
                      "ICON": 16,
                      "INPUT_BORDER_RADIUS": 8,
                      "INPUT_BORDER_WIDTH": 0.8,
                      "INPUT_HEIGHT": 44,
                      "INPUT_HELP_TEXT": 12.8,
                      "INPUT_HORIZONTAL": 16,
                      "INPUT_LABEL_BOTTOM": 4,
                      "INPUT_LABEL_TEXT": 14.4,
                      "INPUT_ROUNDED": 27.2,
                      "INPUT_TEXT": 14,
                      "NAVBAR_HEIGHT": 66,
                      "NAVBAR_LEFT_FLEX": 0.5,
                      "NAVBAR_LEFT_HEIGHT": 93.38000000000001,
                      "NAVBAR_LEFT_MARGIN": 16,
                      "NAVBAR_RIGHT_FLEX": 0.5,
                      "NAVBAR_RIGHT_HEIGHT": 93.38000000000001,
                      "NAVBAR_RIGHT_MARGIN": 16,
                      "NAVBAR_TITLE_FLEX": 2,
                      "NAVBAR_TITLE_HEIGHT": 93.38000000000001,
                      "NAVBAR_TITLE_TEXT": 14,
                      "NAVBAR_VERTICAL": 16,
                      "OPACITY": 0.8,
                    },
                  }
                }
              >
                <Text
                  style={
                    Array [
                      false,
                      false,
                      false,
                      false,
                      false,
                      false,
                      false,
                      undefined,
                      Object {
                        "fontSize": 16,
                      },
                      Object {
                        "color": "white",
                      },
                      false,
                      false,
                      undefined,
                      null,
                    ]
                  }
                >
                  saraconnor@gmail.com
                </Text>
              </View>
            </View>
            <View
              style={
                Array [
                  Object {
                    "flexDirection": "column",
                  },
                  false,
                  false,
                  false,
                  false,
                  false,
                  false,
                  false,
                  false,
                  null,
                  false,
                  false,
                  false,
                  null,
                  null,
                  null,
                  undefined,
                ]
              }
              theme={
                Object {
                  "COLORS": Object {
                    "BLACK": "#000000",
                    "BLOCK": "#808080",
                    "DRIBBBLE": "#EA4C89",
                    "ERROR": "#FE2472",
                    "FACEBOOK": "#3B5998",
                    "GREY": "#898989",
                    "ICON": "#000000",
                    "INFO": "#1232FF",
                    "INPUT": "#808080",
                    "MUTED": "#9FA5AA",
                    "NAVBAR": "#F9F9F9",
                    "NEUTRAL": "rgba(255,255,255, 0.65)",
                    "PLACEHOLDER": "#9FA5AA",
                    "PRIMARY": "#B23AFC",
                    "SUCCESS": "#45DF31",
                    "THEME": "#B23AFC",
                    "TRANSPARENT": "transparent",
                    "TWITTER": "#5BC0DE",
                    "WARNING": "#FF9C09",
                    "WHITE": "#FFFFFF",
                  },
                  "SIZES": Object {
                    "ANDROID_ELEVATION": 1,
                    "BASE": 16,
                    "BLOCK_SHADOW_OPACITY": 0.15,
                    "BLOCK_SHADOW_RADIUS": 8,
                    "BORDER_RADIUS": 6,
                    "BORDER_WIDTH": 0.8,
                    "BUTTON_HEIGHT": 44,
                    "BUTTON_SHADOW_RADIUS": 10,
                    "BUTTON_WIDTH": 144,
                    "CARD_AVATAR_HEIGHT": 40,
                    "CARD_AVATAR_RADIUS": 20,
                    "CARD_AVATAR_WIDTH": 40,
                    "CARD_BORDER_RADIUS": 6.4,
                    "CARD_BORDER_WIDTH": 0.8,
                    "CARD_FOOTER_HORIZONTAL": 12,
                    "CARD_FOOTER_VERTICAL": 12,
                    "CARD_IMAGE_HEIGHT": 200,
                    "CARD_MARGIN_VERTICAL": 14,
                    "CARD_ROUND": 3,
                    "CARD_ROUNDED": 8,
                    "CARD_WIDTH": 718,
                    "FONT": 16,
                    "ICON": 16,
                    "INPUT_BORDER_RADIUS": 8,
                    "INPUT_BORDER_WIDTH": 0.8,
                    "INPUT_HEIGHT": 44,
                    "INPUT_HELP_TEXT": 12.8,
                    "INPUT_HORIZONTAL": 16,
                    "INPUT_LABEL_BOTTOM": 4,
                    "INPUT_LABEL_TEXT": 14.4,
                    "INPUT_ROUNDED": 27.2,
                    "INPUT_TEXT": 14,
                    "NAVBAR_HEIGHT": 66,
                    "NAVBAR_LEFT_FLEX": 0.5,
                    "NAVBAR_LEFT_HEIGHT": 93.38000000000001,
                    "NAVBAR_LEFT_MARGIN": 16,
                    "NAVBAR_RIGHT_FLEX": 0.5,
                    "NAVBAR_RIGHT_HEIGHT": 93.38000000000001,
                    "NAVBAR_RIGHT_MARGIN": 16,
                    "NAVBAR_TITLE_FLEX": 2,
                    "NAVBAR_TITLE_HEIGHT": 93.38000000000001,
                    "NAVBAR_TITLE_TEXT": 14,
                    "NAVBAR_VERTICAL": 16,
                    "OPACITY": 0.8,
                  },
                }
              }
            />
          </View>
        </View>
        <ExponentLinearGradient
          colors={
            Array [
              0,
              4278190080,
            ]
          }
          style={
            Object {
              "bottom": 0,
              "height": "30%",
              "left": 0,
              "position": "absolute",
              "right": 0,
              "zIndex": 1,
            }
          }
        />
      </View>
    </View>
  </View>
  <View
    style={
      Array [
        Object {
          "flexDirection": "column",
        },
        false,
        Object {
          "flex": 1,
        },
        false,
        false,
        false,
        false,
        false,
        false,
        null,
        false,
        false,
        false,
        null,
        null,
        null,
        Object {
          "backgroundColor": "#FFFFFF",
          "borderTopLeftRadius": 13,
          "borderTopRightRadius": 13,
          "marginHorizontal": 16,
          "marginTop": -112,
          "padding": 16,
          "position": "relative",
          "shadowColor": "black",
          "shadowOffset": Object {
            "height": 0,
            "width": 0,
          },
          "shadowOpacity": 0.2,
          "shadowRadius": 8,
          "zIndex": 2,
        },
      ]
    }
    theme={
      Object {
        "COLORS": Object {
          "BLACK": "#000000",
          "BLOCK": "#808080",
          "DRIBBBLE": "#EA4C89",
          "ERROR": "#FE2472",
          "FACEBOOK": "#3B5998",
          "GREY": "#898989",
          "ICON": "#000000",
          "INFO": "#1232FF",
          "INPUT": "#808080",
          "MUTED": "#9FA5AA",
          "NAVBAR": "#F9F9F9",
          "NEUTRAL": "rgba(255,255,255, 0.65)",
          "PLACEHOLDER": "#9FA5AA",
          "PRIMARY": "#B23AFC",
          "SUCCESS": "#45DF31",
          "THEME": "#B23AFC",
          "TRANSPARENT": "transparent",
          "TWITTER": "#5BC0DE",
          "WARNING": "#FF9C09",
          "WHITE": "#FFFFFF",
        },
        "SIZES": Object {
          "ANDROID_ELEVATION": 1,
          "BASE": 16,
          "BLOCK_SHADOW_OPACITY": 0.15,
          "BLOCK_SHADOW_RADIUS": 8,
          "BORDER_RADIUS": 6,
          "BORDER_WIDTH": 0.8,
          "BUTTON_HEIGHT": 44,
          "BUTTON_SHADOW_RADIUS": 10,
          "BUTTON_WIDTH": 144,
          "CARD_AVATAR_HEIGHT": 40,
          "CARD_AVATAR_RADIUS": 20,
          "CARD_AVATAR_WIDTH": 40,
          "CARD_BORDER_RADIUS": 6.4,
          "CARD_BORDER_WIDTH": 0.8,
          "CARD_FOOTER_HORIZONTAL": 12,
          "CARD_FOOTER_VERTICAL": 12,
          "CARD_IMAGE_HEIGHT": 200,
          "CARD_MARGIN_VERTICAL": 14,
          "CARD_ROUND": 3,
          "CARD_ROUNDED": 8,
          "CARD_WIDTH": 718,
          "FONT": 16,
          "ICON": 16,
          "INPUT_BORDER_RADIUS": 8,
          "INPUT_BORDER_WIDTH": 0.8,
          "INPUT_HEIGHT": 44,
          "INPUT_HELP_TEXT": 12.8,
          "INPUT_HORIZONTAL": 16,
          "INPUT_LABEL_BOTTOM": 4,
          "INPUT_LABEL_TEXT": 14.4,
          "INPUT_ROUNDED": 27.2,
          "INPUT_TEXT": 14,
          "NAVBAR_HEIGHT": 66,
          "NAVBAR_LEFT_FLEX": 0.5,
          "NAVBAR_LEFT_HEIGHT": 93.38000000000001,
          "NAVBAR_LEFT_MARGIN": 16,
          "NAVBAR_RIGHT_FLEX": 0.5,
          "NAVBAR_RIGHT_HEIGHT": 93.38000000000001,
          "NAVBAR_RIGHT_MARGIN": 16,
          "NAVBAR_TITLE_FLEX": 2,
          "NAVBAR_TITLE_HEIGHT": 93.38000000000001,
          "NAVBAR_TITLE_TEXT": 14,
          "NAVBAR_VERTICAL": 16,
          "OPACITY": 0.8,
        },
      }
    }
  />
</View>
`;
